Hello! Welcome to the OOD BattleSalvo Game!
Please enter a valid height and width below:
--------------------------------------------------
--------------------------------------------------
Please enter your fleet in the order [Carrier, Battleship, Destroyer, Submarine].
Remember, your fleet may not exceed size 7.
--------------------------------------------------
--------------------------------------------------
Opponent Board Data:
  | 0 1 2 3 4 5 6
------------------
0 | _ _ _ _ _ _ _
1 | _ _ _ _ _ _ _
2 | _ _ _ _ _ _ _
3 | _ _ _ _ _ _ _
4 | _ _ _ _ _ _ _
5 | _ _ _ _ _ _ _
6 | _ _ _ _ _ _ _

Your Board:
  | 0 1 2 3 4 5 6
------------------
0 | B B B B B _ _
1 | _ _ _ _ _ _ _
2 | D C C C C C C
3 | D _ _ _ _ _ _
4 | D _ _ _ _ S _
5 | D _ _ _ _ S _
6 | _ _ _ _ _ S _

Please Enter 4 Shots (x, y) [Convert hex to decimal]:
--------------------------------------------------
--------------------------------------------------
Opponent Board Data:
  | 0 1 2 3 4 5 6
------------------
0 | . _ _ _ _ _ _
1 | _ . _ _ _ _ _
2 | _ _ . _ _ _ _
3 | _ _ _ . _ _ _
4 | _ _ _ _ _ _ _
5 | _ _ _ _ _ _ _
6 | _ _ _ _ _ _ _

Your Board:
  | 0 1 2 3 4 5 6
------------------
0 | * B B B B _ _
1 | _ _ _ _ _ _ _
2 | D C C C C C C
3 | D _ _ _ _ _ _
4 | D . _ _ _ S _
5 | * _ _ _ . S _
6 | _ _ _ _ _ S _

Please Enter 4 Shots (x, y) [Convert hex to decimal]:
--------------------------------------------------
--------------------------------------------------
Opponent Board Data:
  | 0 1 2 3 4 5 6
------------------
0 | . _ _ _ _ _ .
1 | _ . _ _ _ _ _
2 | _ _ . _ _ _ _
3 | _ _ _ . _ _ _
4 | _ _ _ _ * _ _
5 | _ _ _ _ _ * _
6 | _ _ _ _ _ _ *

Your Board:
  | 0 1 2 3 4 5 6
------------------
0 | * B B B B _ .
1 | _ _ _ _ . _ _
2 | D C C C C C C
3 | D _ _ _ _ _ _
4 | D . . _ _ * _
5 | * _ _ _ . S _
6 | _ _ _ _ _ S _

Please Enter 4 Shots (x, y) [Convert hex to decimal]:
--------------------------------------------------
--------------------------------------------------
Opponent Board Data:
  | 0 1 2 3 4 5 6
------------------
0 | . _ _ _ _ _ .
1 | _ . _ _ _ _ _
2 | _ _ . _ _ _ /
3 | _ _ _ . _ _ /
4 | _ _ _ _ * _ /
5 | _ _ _ _ _ * /
6 | _ _ _ _ _ _ /

Your Board:
  | 0 1 2 3 4 5 6
------------------
0 | * B B B B _ .
1 | _ _ _ _ . _ _
2 | D C * * C C C
3 | D _ _ _ _ _ _
4 | D . . . _ * _
5 | * _ _ _ . S _
6 | _ _ _ . _ S _

Please Enter 4 Shots (x, y) [Convert hex to decimal]:
--------------------------------------------------
--------------------------------------------------
Opponent Board Data:
  | 0 1 2 3 4 5 6
------------------
0 | . _ _ _ _ _ .
1 | _ . _ _ _ _ _
2 | _ _ . _ _ * /
3 | _ _ _ . _ * /
4 | _ _ _ _ * * /
5 | _ _ _ _ _ * /
6 | _ _ _ _ _ . /

Your Board:
  | 0 1 2 3 4 5 6
------------------
0 | * * B B B _ .
1 | _ _ _ _ . _ _
2 | D C * * C C C
3 | D _ _ _ _ . _
4 | D . . . _ * _
5 | * _ _ _ . S _
6 | _ _ _ . . S _

Please Enter 4 Shots (x, y) [Convert hex to decimal]:
--------------------------------------------------
--------------------------------------------------
Opponent Board Data:
  | 0 1 2 3 4 5 6
------------------
0 | . _ _ _ _ _ .
1 | _ . _ _ . * _
2 | _ _ . _ * * /
3 | _ _ _ . * * /
4 | _ _ _ _ * * /
5 | _ _ _ _ _ * /
6 | _ _ _ _ _ . /

Your Board:
  | 0 1 2 3 4 5 6
------------------
0 | * * * B B _ .
1 | _ _ _ _ . _ _
2 | * C * * C C C
3 | D _ _ _ _ . _
4 | D . . . _ * _
5 | * _ _ _ . S _
6 | . _ _ . . S _

Please Enter 4 Shots (x, y) [Convert hex to decimal]:
--------------------------------------------------
--------------------------------------------------
Opponent Board Data:
  | 0 1 2 3 4 5 6
------------------
0 | . _ _ _ _ / .
1 | _ . _ _ . / _
2 | _ _ . _ / / /
3 | _ _ _ . / / /
4 | _ _ _ _ / / /
5 | . _ _ _ / / /
6 | . _ _ _ _ . /

Your Board:
  | 0 1 2 3 4 5 6
------------------
0 | * * * B B _ .
1 | . _ _ _ . _ _
2 | * C * * C * C
3 | D _ . _ _ . _
4 | D . . . _ * _
5 | * _ _ _ . S _
6 | . _ _ . . S _

Please Enter 4 Shots (x, y) [Convert hex to decimal]:
--------------------------------------------------
--------------------------------------------------
Opponent Board Data:
  | 0 1 2 3 4 5 6
------------------
0 | . . _ _ _ / .
1 | * . _ . . / _
2 | _ . . _ / / /
3 | _ _ _ . / / /
4 | _ _ _ _ / / /
5 | . _ _ _ / / /
6 | . _ _ _ _ . /

Your Board:
  | 0 1 2 3 4 5 6
------------------
0 | * * * B B _ .
1 | . _ _ _ . _ _
2 | * C * * C * C
3 | D _ . _ _ . _
4 | D . . . _ * _
5 | * _ . _ . S _
6 | . _ _ . . S _

Please Enter 4 Shots (x, y) [Convert hex to decimal]:
--------------------------------------------------
--------------------------------------------------
Opponent Board Data:
  | 0 1 2 3 4 5 6
------------------
0 | . . . . . / .
1 | * . . . . / _
2 | _ . . _ / / /
3 | _ _ _ . / / /
4 | _ _ _ _ / / /
5 | . _ _ _ / / /
6 | . _ _ _ _ . /

Your Board:
  | 0 1 2 3 4 5 6
------------------
0 | * * * B B _ .
1 | . _ _ _ . _ _
2 | * C * * C * C
3 | * _ . _ _ . _
4 | D . . . _ * _
5 | * _ . _ . S _
6 | . _ _ . . S _

Please Enter 4 Shots (x, y) [Convert hex to decimal]:
--------------------------------------------------
--------------------------------------------------
Opponent Board Data:
  | 0 1 2 3 4 5 6
------------------
0 | . . . . . / .
1 | * . . . . / _
2 | _ . . _ / / /
3 | _ _ _ . / / /
4 | _ _ _ _ / / /
5 | . _ _ _ / / /
6 | . . . . . . /

Your Board:
  | 0 1 2 3 4 5 6
------------------
0 | * * * B B _ .
1 | . _ _ _ . _ _
2 | * C * * C * *
3 | * _ . _ _ . _
4 | D . . . _ * _
5 | * _ . _ . S _
6 | . _ _ . . S _

Please Enter 4 Shots (x, y) [Convert hex to decimal]:
--------------------------------------------------
--------------------------------------------------
Opponent Board Data:
  | 0 1 2 3 4 5 6
------------------
0 | . . . . . / .
1 | * . . . . / _
2 | _ . . _ / / /
3 | _ _ _ . / / /
4 | _ _ _ . / / /
5 | . . . . / / /
6 | . . . . . . /

Your Board:
  | 0 1 2 3 4 5 6
------------------
0 | * * * B B _ .
1 | . _ _ _ . _ _
2 | * C * * * * *
3 | * _ . _ _ . _
4 | D . . . _ * _
5 | * _ . _ . S _
6 | . _ _ . . S _

Please Enter 4 Shots (x, y) [Convert hex to decimal]:
--------------------------------------------------
--------------------------------------------------
Opponent Board Data:
  | 0 1 2 3 4 5 6
------------------
0 | . . . . . / .
1 | * . . . . / .
2 | _ . . . / / /
3 | _ _ . . / / /
4 | _ _ . . / / /
5 | . . . . / / /
6 | . . . . . . /

Your Board:
  | 0 1 2 3 4 5 6
------------------
0 | * * * B B _ .
1 | . _ _ _ . _ .
2 | * C * * * * *
3 | * _ . _ _ . _
4 | D . . . _ * _
5 | * _ . _ . S _
6 | . _ _ . . S _

Please Enter 4 Shots (x, y) [Convert hex to decimal]:
--------------------------------------------------
--------------------------------------------------
Opponent Board Data:
  | 0 1 2 3 4 5 6
------------------
0 | . . . . . / .
1 | * . . . . / .
2 | _ . . . / / /
3 | * . . . / / /
4 | . . . . / / /
5 | . . . . / / /
6 | . . . . . . /

Your Board:
  | 0 1 2 3 4 5 6
------------------
0 | * * * B B _ .
1 | . _ _ _ . _ .
2 | * C * * * * *
3 | * _ . _ _ . _
4 | D . . . _ * _
5 | * . . _ . S _
6 | . _ _ . . S _

Please Enter 1 Shots (x, y) [Convert hex to decimal]:
--------------------------------------------------
--------------------------------------------------
Opponent Board Data:
  | 0 1 2 3 4 5 6
------------------
0 | . . . . . / .
1 | / . . . . / .
2 | / . . . / / /
3 | / . . . / / /
4 | . . . . / / /
5 | . . . . / / /
6 | . . . . . . /

Your Board:
  | 0 1 2 3 4 5 6
------------------
0 | * * * B B _ .
1 | . _ _ _ . _ .
2 | * C * * * * *
3 | * _ . . _ . _
4 | D . . . _ * _
5 | * . . _ . S _
6 | . _ _ . . S _

You win!